Archive member included because of file (symbol)

/usr/bin/../lib/gcc/arm-none-eabi/4.9.3/../../../../arm-none-eabi/lib/armv7e-m/softfp/libm.a(lib_a-s_atan.o)
                              ./src/modules/sensfusion6.o (atan)
/usr/bin/../lib/gcc/arm-none-eabi/4.9.3/../../../../arm-none-eabi/lib/armv7e-m/softfp/libm.a(lib_a-s_fabs.o)
                              /usr/bin/../lib/gcc/arm-none-eabi/4.9.3/../../../../arm-none-eabi/lib/armv7e-m/softfp/libm.a(lib_a-s_atan.o) (fabs)
/usr/bin/../lib/gcc/arm-none-eabi/4.9.3/../../../../arm-none-eabi/lib/armv7e-m/softfp/libm.a(lib_a-w_atan2.o)
                              ./src/modules/sensfusion6.o (atan2)
/usr/bin/../lib/gcc/arm-none-eabi/4.9.3/../../../../arm-none-eabi/lib/armv7e-m/softfp/libm.a(lib_a-w_sqrt.o)
                              ./src/modules/sensfusion6.o (sqrt)
/usr/bin/../lib/gcc/arm-none-eabi/4.9.3/../../../../arm-none-eabi/lib/armv7e-m/softfp/libm.a(lib_a-e_atan2.o)
                              /usr/bin/../lib/gcc/arm-none-eabi/4.9.3/../../../../arm-none-eabi/lib/armv7e-m/softfp/libm.a(lib_a-w_atan2.o) (__ieee754_atan2)
/usr/bin/../lib/gcc/arm-none-eabi/4.9.3/../../../../arm-none-eabi/lib/armv7e-m/softfp/libm.a(lib_a-e_sqrt.o)
                              /usr/bin/../lib/gcc/arm-none-eabi/4.9.3/../../../../arm-none-eabi/lib/armv7e-m/softfp/libm.a(lib_a-w_sqrt.o) (__ieee754_sqrt)
/usr/bin/../lib/gcc/arm-none-eabi/4.9.3/../../../../arm-none-eabi/lib/armv7e-m/softfp/libm.a(lib_a-s_fpclassify.o)
                              /usr/bin/../lib/gcc/arm-none-eabi/4.9.3/../../../../arm-none-eabi/lib/armv7e-m/softfp/libm.a(lib_a-w_sqrt.o) (__fpclassifyd)
/usr/bin/../lib/gcc/arm-none-eabi/4.9.3/../../../../arm-none-eabi/lib/armv7e-m/softfp/libm.a(lib_a-s_lib_ver.o)
                              /usr/bin/../lib/gcc/arm-none-eabi/4.9.3/../../../../arm-none-eabi/lib/armv7e-m/softfp/libm.a(lib_a-w_sqrt.o) (__fdlib_version)
/usr/bin/../lib/gcc/arm-none-eabi/4.9.3/../../../../arm-none-eabi/lib/armv7e-m/softfp/libm.a(lib_a-s_matherr.o)
                              /usr/bin/../lib/gcc/arm-none-eabi/4.9.3/../../../../arm-none-eabi/lib/armv7e-m/softfp/libm.a(lib_a-w_sqrt.o) (matherr)
/usr/bin/../lib/gcc/arm-none-eabi/4.9.3/armv7e-m/softfp/libgcc.a(_arm_addsubdf3.o)
                              ./src/modules/stabilizer.o (__aeabi_dsub)
/usr/bin/../lib/gcc/arm-none-eabi/4.9.3/armv7e-m/softfp/libgcc.a(_arm_muldivdf3.o)
                              ./src/modules/sensfusion6.o (__aeabi_dmul)
/usr/bin/../lib/gcc/arm-none-eabi/4.9.3/armv7e-m/softfp/libgcc.a(_arm_cmpdf2.o)
                              /usr/bin/../lib/gcc/arm-none-eabi/4.9.3/../../../../arm-none-eabi/lib/armv7e-m/softfp/libm.a(lib_a-w_sqrt.o) (__aeabi_dcmplt)
/usr/bin/../lib/gcc/arm-none-eabi/4.9.3/armv7e-m/softfp/libgcc.a(_arm_truncdfsf2.o)
                              ./src/modules/sensfusion6.o (__aeabi_d2f)
/usr/bin/../lib/gcc/arm-none-eabi/4.9.3/../../../../arm-none-eabi/lib/armv7e-m/softfp/libg_nano.a(lib_a-memcpy.o)
                              ./src/FreeRTOS/queue.o (memcpy)
/usr/bin/../lib/gcc/arm-none-eabi/4.9.3/../../../../arm-none-eabi/lib/armv7e-m/softfp/libg_nano.a(lib_a-memset.o)
                              ./src/FreeRTOS/tasks.o (memset)
/usr/bin/../lib/gcc/arm-none-eabi/4.9.3/../../../../arm-none-eabi/lib/armv7e-m/softfp/libg_nano.a(lib_a-sprintf.o)
                              ./src/FreeRTOS/tasks.o (sprintf)
/usr/bin/../lib/gcc/arm-none-eabi/4.9.3/../../../../arm-none-eabi/lib/armv7e-m/softfp/libg_nano.a(lib_a-strcat.o)
                              ./src/FreeRTOS/tasks.o (strcat)
/usr/bin/../lib/gcc/arm-none-eabi/4.9.3/../../../../arm-none-eabi/lib/armv7e-m/softfp/libg_nano.a(lib_a-strncpy.o)
                              ./src/FreeRTOS/tasks.o (strncpy)
/usr/bin/../lib/gcc/arm-none-eabi/4.9.3/../../../../arm-none-eabi/lib/armv7e-m/softfp/libg_nano.a(lib_a-impure.o)
                              /usr/bin/../lib/gcc/arm-none-eabi/4.9.3/../../../../arm-none-eabi/lib/armv7e-m/softfp/libg_nano.a(lib_a-sprintf.o) (_impure_ptr)
/usr/bin/../lib/gcc/arm-none-eabi/4.9.3/../../../../arm-none-eabi/lib/armv7e-m/softfp/libg_nano.a(lib_a-nano-svfprintf.o)
                              /usr/bin/../lib/gcc/arm-none-eabi/4.9.3/../../../../arm-none-eabi/lib/armv7e-m/softfp/libg_nano.a(lib_a-sprintf.o) (_svfprintf_r)
/usr/bin/../lib/gcc/arm-none-eabi/4.9.3/../../../../arm-none-eabi/lib/armv7e-m/softfp/libg_nano.a(lib_a-nano-vfprintf_i.o)
                              /usr/bin/../lib/gcc/arm-none-eabi/4.9.3/../../../../arm-none-eabi/lib/armv7e-m/softfp/libg_nano.a(lib_a-nano-svfprintf.o) (_printf_i)
/usr/bin/../lib/gcc/arm-none-eabi/4.9.3/../../../../arm-none-eabi/lib/armv7e-m/softfp/libg_nano.a(lib_a-memchr.o)
                              /usr/bin/../lib/gcc/arm-none-eabi/4.9.3/../../../../arm-none-eabi/lib/armv7e-m/softfp/libg_nano.a(lib_a-nano-svfprintf.o) (memchr)
/usr/bin/../lib/gcc/arm-none-eabi/4.9.3/../../../../arm-none-eabi/lib/armv7e-m/softfp/libg_nano.a(lib_a-memmove.o)
[...]
Memory Configuration

Name             Origin             Length             Attributes
RAM              0x0000000020000000 0x0000000000020000 xrw
CCMRAM           0x0000000010000000 0x0000000000010000 xrw
FLASH            0x0000000008000000 0x0000000000100000 xr
FLASHB1          0x0000000000000000 0x0000000000000000 xr
EXTMEMB0         0x0000000000000000 0x0000000000000000 xr
EXTMEMB1         0x0000000000000000 0x0000000000000000 xr
EXTMEMB2         0x0000000000000000 0x0000000000000000 xr
EXTMEMB3         0x0000000000000000 0x0000000000000000 xr
MEMORY_ARRAY     0x0000000020002000 0x0000000000000020 xrw
*default*        0x0000000000000000 0xffffffffffffffff

Linker script and memory map

LOAD ./src/utils/cfassert.o
LOAD ./src/utils/filter.o
LOAD ./src/utils/stm32f4_discovery.o
LOAD ./src/utils/stm32f4_discovery_lis302dl.o
LOAD ./src/modules/sensfusion6.o
LOAD ./src/modules/stabilizer.o
LOAD ./src/elka_hal/imu.o
LOAD ./src/drivers/adc.o
LOAD ./src/drivers/exti.o
LOAD ./src/drivers/i2cdev.o
LOAD ./src/drivers/i2croutines.o
LOAD ./src/drivers/motors.o
LOAD ./src/drivers/mpu6050.o
LOAD ./src/drivers/nrf24l01.o
LOAD ./src/drivers/nvic.o
LOAD ./src/STM32F4xx_StdPeriph_Driver/misc.o
LOAD ./src/STM32F4xx_StdPeriph_Driver/stm32f4xx_adc.o
LOAD ./src/STM32F4xx_StdPeriph_Driver/stm32f4xx_can.o
LOAD ./src/STM32F4xx_StdPeriph_Driver/stm32f4xx_crc.o
LOAD ./src/STM32F4xx_StdPeriph_Driver/stm32f4xx_cryp.o
LOAD ./src/STM32F4xx_StdPeriph_Driver/stm32f4xx_cryp_aes.o
LOAD ./src/STM32F4xx_StdPeriph_Driver/stm32f4xx_cryp_des.o
LOAD ./src/STM32F4xx_StdPeriph_Driver/stm32f4xx_cryp_tdes.o
LOAD ./src/STM32F4xx_StdPeriph_Driver/stm32f4xx_dac.o
LOAD ./src/STM32F4xx_StdPeriph_Driver/stm32f4xx_dbgmcu.o
LOAD ./src/STM32F4xx_StdPeriph_Driver/stm32f4xx_dcmi.o
LOAD ./src/STM32F4xx_StdPeriph_Driver/stm32f4xx_dma.o
LOAD ./src/STM32F4xx_StdPeriph_Driver/stm32f4xx_exti.o
LOAD ./src/STM32F4xx_StdPeriph_Driver/stm32f4xx_flash.o
LOAD ./src/STM32F4xx_StdPeriph_Driver/stm32f4xx_fsmc.o
LOAD ./src/STM32F4xx_StdPeriph_Driver/stm32f4xx_gpio.o
LOAD ./src/STM32F4xx_StdPeriph_Driver/stm32f4xx_hash.o
LOAD ./src/STM32F4xx_StdPeriph_Driver/stm32f4xx_hash_md5.o
LOAD ./src/STM32F4xx_StdPeriph_Driver/stm32f4xx_hash_sha1.o
LOAD ./src/STM32F4xx_StdPeriph_Driver/stm32f4xx_i2c.o
LOAD ./src/STM32F4xx_StdPeriph_Driver/stm32f4xx_it.o
LOAD ./src/STM32F4xx_StdPeriph_Driver/stm32f4xx_iwdg.o
LOAD ./src/STM32F4xx_StdPeriph_Driver/stm32f4xx_pwr.o
LOAD ./src/STM32F4xx_StdPeriph_Driver/stm32f4xx_rcc.o
LOAD ./src/STM32F4xx_StdPeriph_Driver/stm32f4xx_rng.o
LOAD ./src/STM32F4xx_StdPeriph_Driver/stm32f4xx_rtc.o
LOAD ./src/STM32F4xx_StdPeriph_Driver/stm32f4xx_sdio.o
LOAD ./src/STM32F4xx_StdPeriph_Driver/stm32f4xx_spi.o
LOAD ./src/STM32F4xx_StdPeriph_Driver/stm32f4xx_syscfg.o
LOAD ./src/STM32F4xx_StdPeriph_Driver/stm32f4xx_tim.o
LOAD ./src/STM32F4xx_StdPeriph_Driver/stm32f4xx_usart.o
LOAD ./src/STM32F4xx_StdPeriph_Driver/stm32f4xx_wwdg.o
LOAD ./src/STM32F4xx_StdPeriph_Driver/system_stm32f4xx.o
LOAD ./src/FreeRTOS/MemMang/heap_1.o
LOAD ./src/FreeRTOS/GCC/ARM_CM4F/port.o
LOAD ./src/FreeRTOS/croutine.o
LOAD ./src/FreeRTOS/list.o
LOAD ./src/FreeRTOS/queue.o
LOAD ./src/FreeRTOS/tasks.o
LOAD ./src/FreeRTOS/timers.o
LOAD ./src/_write.o
LOAD ./src/main.o
LOAD /usr/bin/../lib/gcc/arm-none-eabi/4.9.3/../../../../arm-none-eabi/lib/armv7e-m/softfp/libstdc++_nano.a
LOAD /usr/bin/../lib/gcc/arm-none-eabi/4.9.3/../../../../arm-none-eabi/lib/armv7e-m/softfp/libm.a
START GROUP
LOAD /usr/bin/../lib/gcc/arm-none-eabi/4.9.3/armv7e-m/softfp/libgcc.a
LOAD /usr/bin/../lib/gcc/arm-none-eabi/4.9.3/../../../../arm-none-eabi/lib/armv7e-m/softfp/libg_nano.a
LOAD /usr/bin/../lib/gcc/arm-none-eabi/4.9.3/../../../../arm-none-eabi/lib/armv7e-m/softfp/libc_nano.a
END GROUP
START GROUP
LOAD /usr/bin/../lib/gcc/arm-none-eabi/4.9.3/armv7e-m/softfp/libgcc.a
LOAD /usr/bin/../lib/gcc/arm-none-eabi/4.9.3/../../../../arm-none-eabi/lib/armv7e-m/softfp/libc_nano.a
END GROUP
                0x0000000020020000                __stack = (ORIGIN (RAM) + 0x20000)
                0x0000000020020000                _estack = __stack
                0x0000000000000400                __Main_Stack_Size = 0x400
                0x0000000000000400                PROVIDE (_Main_Stack_Size, __Main_Stack_Size)
                0x000000002001fc00                __Main_Stack_Limit = (__stack - __Main_Stack_Size)
                0x000000002001fc00                PROVIDE (_Main_Stack_Limit, __Main_Stack_Limit)
                0x0000000000000100                _Minimum_Stack_Size = 0x100
                0x0000000020000000                PROVIDE (_Heap_Begin, _end_noinit)
                0x000000002001fc00                PROVIDE (_Heap_Limit, (__stack - __Main_Stack_Size))

.isr_vector     0x0000000008000000        0x0
 FILL mask 0xff
                0x0000000008000000                __vectors_start = ABSOLUTE (.)
                0x0000000008000000                __vectors_start__ = ABSOLUTE (.)
 *(.isr_vector)
 *(.cfmconfig)
 *(.after_vectors .after_vectors.*)

.inits          0x0000000008000000       0x28
                0x0000000008000000                __data_regions_array_start = .
                0x0000000008000000        0x4 LONG 0x8000028 LOADADDR (.data)
                0x0000000008000004        0x4 LONG 0x20000000 ADDR (.data)
                0x0000000008000008        0x4 LONG 0x20000000 (ADDR (.data) + SIZEOF (.data))
                0x000000000800000c        0x4 LONG 0x8000028 LOADADDR (.data_CCMRAM)
                0x0000000008000010        0x4 LONG 0x10000000 ADDR (.data_CCMRAM)
                0x0000000008000014        0x4 LONG 0x10000000 (ADDR (.data_CCMRAM) + SIZEOF (.data_CCMRAM))
                0x0000000008000018                __data_regions_array_end = .
                0x0000000008000018                __bss_regions_array_start = .
                0x0000000008000018        0x4 LONG 0x20000000 ADDR (.bss)
                0x000000000800001c        0x4 LONG 0x20000000 (ADDR (.bss) + SIZEOF (.bss))
                0x0000000008000020        0x4 LONG 0x10000000 ADDR (.bss_CCMRAM)
                0x0000000008000024        0x4 LONG 0x10000000 (ADDR (.bss_CCMRAM) + SIZEOF (.bss_CCMRAM))
                0x0000000008000028                __bss_regions_array_end = .
 *(.init)
 *(.fini)
                0x0000000008000028                . = ALIGN (0x4)
                0x0000000008000028                PROVIDE (__preinit_array_start, .)
 *(.preinit_array_sysinit .preinit_array_sysinit.*)
 *(.preinit_array_platform .preinit_array_platform.*)
 *(.preinit_array .preinit_array.*)
                0x0000000008000028                PROVIDE (__preinit_array_end, .)
                0x0000000008000028                . = ALIGN (0x4)
                0x0000000008000028                PROVIDE (__init_array_start, .)
 *(SORT(.init_array.*))
 *(.init_array)
                0x0000000008000028                PROVIDE (__init_array_end, .)
                0x0000000008000028                . = ALIGN (0x4)
                0x0000000008000028                PROVIDE (__fini_array_start, .)
 *(SORT(.fini_array.*))
 *(.fini_array)
                0x0000000008000028                PROVIDE (__fini_array_end, .)

.flashtext
 *(.flashtext .flashtext.*)

.text           0x0000000008000028        0x0
 *(.text .text.*)
 *(.rodata .rodata.* .constdata .constdata.*)
 *(vtable)
 *(.eh_frame*)
 *(.glue_7)
 .glue_7        0x0000000000000000        0x0 linker stubs
 *(.glue_7t)
 .glue_7t       0x0000000000000000        0x0 linker stubs

.vfp11_veneer   0x0000000008000028        0x0
 .vfp11_veneer  0x0000000000000000        0x0 linker stubs

.v4_bx          0x0000000008000028        0x0
 .v4_bx         0x0000000000000000        0x0 linker stubs

.iplt           0x0000000008000028        0x0
 .iplt          0x0000000000000000        0x0 ./src/utils/cfassert.o

.rel.dyn        0x0000000008000028        0x0
 .rel.iplt      0x0000000000000000        0x0 ./src/utils/cfassert.o

.ARM.extab
 *(.ARM.extab* .gnu.linkonce.armextab.*)
                0x0000000008000028                . = ALIGN (0x4)
                0x0000000008000028                __exidx_start = .

.ARM.exidx
 *(.ARM.exidx* .gnu.linkonce.armexidx.*)
                0x0000000008000028                __exidx_end = .
                0x0000000008000028                . = ALIGN (0x4)
                0x0000000008000028                _etext = .
                0x0000000008000028                __etext = .

.data_CCMRAM    0x0000000010000000        0x0 load address 0x0000000008000028
 FILL mask 0xff
 *(.data.CCMRAM .data.CCMRAM.*)
                0x0000000010000000                . = ALIGN (0x4)
                0x0000000008000028                _sidata = LOADADDR (.data)

.data           0x0000000020000000        0x0 load address 0x0000000008000028
 FILL mask 0xff
                0x0000000020000000                _sdata = .
                0x0000000020000000                __data_start__ = .
 *(.data_begin .data_begin.*)
 *(.data .data.*)
 *(.data_end .data_end.*)
                0x0000000020000000                . = ALIGN (0x4)
                0x0000000020000000                _edata = .
                0x0000000020000000                __data_end__ = .

.igot.plt       0x0000000020000000        0x0 load address 0x0000000008000028
 .igot.plt      0x0000000000000000        0x0 ./src/utils/cfassert.o

.bss_CCMRAM     0x0000000010000000        0x0
 *(.bss.CCMRAM .bss.CCMRAM.*)

.bss            0x0000000020000000        0x0
                0x0000000020000000                __bss_start__ = .
                0x0000000020000000                _sbss = .
 *(.bss_begin .bss_begin.*)
 *(.bss .bss.*)
 *(COMMON)
 *(.bss_end .bss_end.*)
                0x0000000020000000                . = ALIGN (0x4)
                0x0000000020000000                __bss_end__ = .
                0x0000000020000000                _ebss = .

.noinit_CCMRAM
 *(.noinit.CCMRAM .noinit.CCMRAM.*)

.noinit         0x0000000020000000        0x0
                0x0000000020000000                _noinit = .
 *(.noinit .noinit.*)
                0x0000000020000000                . = ALIGN (0x4)
                0x0000000020000000                _end_noinit = .
                0x0000000020000000                PROVIDE (end, _end_noinit)
                0x0000000020000000                PROVIDE (_end, _end_noinit)
                0x0000000020000000                PROVIDE (__end, _end_noinit)
                0x0000000020000000                PROVIDE (__end__, _end_noinit)

._check_stack   0x0000000020000000      0x100
                0x0000000020000100                . = (. + _Minimum_Stack_Size)
 *fill*         0x0000000020000000      0x100 

.b1text
 *(.b1text)
 *(.b1rodata)
 *(.b1rodata.*)

.eb0text
 *(.eb0text)
 *(.eb0rodata)
 *(.eb0rodata.*)

.eb1text
 *(.eb1text)
 *(.eb1rodata)
 *(.eb1rodata.*)

.eb2text
 *(.eb2text)
 *(.eb2rodata)
 *(.eb2rodata.*)

.eb3text
 *(.eb3text)
 *(.eb3rodata)
 *(.eb3rodata.*)

.stab
 *(.stab)

.stabstr
 *(.stabstr)

.stab.excl
 *(.stab.excl)

.stab.exclstr
 *(.stab.exclstr)

.stab.index
 *(.stab.index)

.stab.indexstr
 *(.stab.indexstr)

.comment
 *(.comment)

.debug
 *(.debug)

.line
 *(.line)

.debug_srcinfo
 *(.debug_srcinfo)

.debug_sfnames
 *(.debug_sfnames)

.debug_aranges
 *(.debug_aranges)

.debug_pubnames
 *(.debug_pubnames)

.debug_info
 *(.debug_info .gnu.linkonce.wi.*)

.debug_abbrev
 *(.debug_abbrev)

.debug_line
 *(.debug_line)

.debug_frame
 *(.debug_frame)

.debug_str
 *(.debug_str)

.debug_loc
 *(.debug_loc)

.debug_macinfo
 *(.debug_macinfo)

.debug_weaknames
 *(.debug_weaknames)

.debug_funcnames
 *(.debug_funcnames)

.debug_typenames
 *(.debug_typenames)

.debug_varnames
 *(.debug_varnames)
OUTPUT(elka_stm32f4_makefile.elf elf32-littlearm)
