
Allocating common symbols
Common symbol       size              file

eulerqueue          0x4               CMakeFiles/elka.dir/src/main.c.obj
acc                 0xc               CMakeFiles/elka.dir/src/main.c.obj
channeldata         0x1c              CMakeFiles/elka.dir/src/main.c.obj
queuewritten        0x4               CMakeFiles/elka.dir/src/main.c.obj
uartData            0x4               CMakeFiles/elka.dir/src/main.c.obj
xDebugQueue         0x4               CMakeFiles/elka.dir/src/main.c.obj
dataRdy             0x4               CMakeFiles/elka.dir/src/main.c.obj
axi16               0x2               CMakeFiles/elka.dir/src/main.c.obj
tx1Queue            0x4               CMakeFiles/elka.dir/src/main.c.obj
imudata             0x1a              CMakeFiles/elka.dir/src/main.c.obj
spektrumqueue       0x4               CMakeFiles/elka.dir/src/main.c.obj
spektrum_check      0x4               CMakeFiles/elka.dir/src/main.c.obj
gyro                0xc               CMakeFiles/elka.dir/src/main.c.obj
azi16               0x2               CMakeFiles/elka.dir/src/main.c.obj
adctransferQueue    0x4               CMakeFiles/elka.dir/src/main.c.obj
spektrumchannel     0xe               CMakeFiles/elka.dir/src/main.c.obj
gyroMpu             0x6               CMakeFiles/elka.dir/src/main.c.obj
xQueue              0x4               CMakeFiles/elka.dir/src/main.c.obj
ayi16               0x2               CMakeFiles/elka.dir/src/main.c.obj
channelnum          0x4               CMakeFiles/elka.dir/src/main.c.obj
gzi16               0x2               CMakeFiles/elka.dir/src/main.c.obj
accelMpu            0x6               CMakeFiles/elka.dir/src/main.c.obj
gxi16               0x2               CMakeFiles/elka.dir/src/main.c.obj
gyi16               0x2               CMakeFiles/elka.dir/src/main.c.obj

Discarded input sections

 .group         0x0000000000000000        0x8 CMakeFiles/elka.dir/src/main.c.obj
 .group         0x0000000000000000        0x8 CMakeFiles/elka.dir/src/main.c.obj
 .group         0x0000000000000000        0x8 CMakeFiles/elka.dir/src/main.c.obj
 .group         0x0000000000000000        0x8 CMakeFiles/elka.dir/src/main.c.obj
 .group         0x0000000000000000        0x8 CMakeFiles/elka.dir/src/main.c.obj
 .group         0x0000000000000000        0x8 CMakeFiles/elka.dir/src/main.c.obj
 .group         0x0000000000000000        0x8 CMakeFiles/elka.dir/src/main.c.obj
 .group         0x0000000000000000        0x8 CMakeFiles/elka.dir/src/main.c.obj
 .group         0x0000000000000000        0x8 CMakeFiles/elka.dir/src/main.c.obj
 .group         0x0000000000000000        0x8 CMakeFiles/elka.dir/src/main.c.obj
 .group         0x0000000000000000        0x8 CMakeFiles/elka.dir/src/main.c.obj
 .group         0x0000000000000000        0x8 CMakeFiles/elka.dir/src/main.c.obj
 .group         0x0000000000000000        0x8 CMakeFiles/elka.dir/src/main.c.obj
 .group         0x0000000000000000        0x8 CMakeFiles/elka.dir/src/main.c.obj
 .group         0x0000000000000000        0x8 CMakeFiles/elka.dir/src/main.c.obj
 .group         0x0000000000000000        0x8 CMakeFiles/elka.dir/src/main.c.obj
 .group         0x0000000000000000        0x8 CMakeFiles/elka.dir/src/main.c.obj
 .group         0x0000000000000000        0x8 CMakeFiles/elka.dir/src/main.c.obj
 .group         0x0000000000000000        0x8 CMakeFiles/elka.dir/src/main.c.obj
 .group         0x0000000000000000        0x8 CMakeFiles/elka.dir/src/main.c.obj
 .group         0x0000000000000000        0x8 CMakeFiles/elka.dir/src/main.c.obj
 .group         0x0000000000000000        0x8 CMakeFiles/elka.dir/src/main.c.obj
 .group         0x0000000000000000        0x8 CMakeFiles/elka.dir/src/main.c.obj
 .group         0x0000000000000000        0x8 CMakeFiles/elka.dir/src/main.c.obj
 .group         0x0000000000000000        0x8 CMakeFiles/elka.dir/src/main.c.obj
 .group         0x0000000000000000        0x8 CMakeFiles/elka.dir/src/main.c.obj
 .group         0x0000000000000000        0x8 CMakeFiles/elka.dir/src/main.c.obj
 .group         0x0000000000000000        0x8 CMakeFiles/elka.dir/src/main.c.obj
 .group         0x0000000000000000        0x8 CMakeFiles/elka.dir/src/main.c.obj
 .group         0x0000000000000000        0x8 CMakeFiles/elka.dir/src/main.c.obj
 .group         0x0000000000000000        0x8 CMakeFiles/elka.dir/src/main.c.obj
 .group         0x0000000000000000        0x8 CMakeFiles/elka.dir/src/main.c.obj
 .group         0x0000000000000000        0x8 CMakeFiles/elka.dir/src/main.c.obj
 .group         0x0000000000000000        0x8 CMakeFiles/elka.dir/src/main.c.obj
 .group         0x0000000000000000        0x8 CMakeFiles/elka.dir/src/main.c.obj
 .group         0x0000000000000000        0x8 CMakeFiles/elka.dir/src/main.c.obj
 .group         0x0000000000000000        0x8 CMakeFiles/elka.dir/src/main.c.obj
 .group         0x0000000000000000        0x8 CMakeFiles/elka.dir/src/main.c.obj
 .group         0x0000000000000000        0x8 CMakeFiles/elka.dir/src/main.c.obj
 .group         0x0000000000000000        0x8 CMakeFiles/elka.dir/src/main.c.obj
 .group         0x0000000000000000        0x8 CMakeFiles/elka.dir/src/main.c.obj
 .group         0x0000000000000000        0x8 CMakeFiles/elka.dir/src/main.c.obj
 .group         0x0000000000000000        0x8 CMakeFiles/elka.dir/src/main.c.obj
 .group         0x0000000000000000        0x8 CMakeFiles/elka.dir/src/main.c.obj
 .group         0x0000000000000000        0x8 CMakeFiles/elka.dir/src/main.c.obj
 .group         0x0000000000000000        0x8 CMakeFiles/elka.dir/src/main.c.obj
 .group         0x0000000000000000        0x8 CMakeFiles/elka.dir/src/main.c.obj
 .group         0x0000000000000000        0x8 CMakeFiles/elka.dir/src/main.c.obj
 .group         0x0000000000000000        0x8 CMakeFiles/elka.dir/src/main.c.obj
 .group         0x0000000000000000        0x8 CMakeFiles/elka.dir/src/main.c.obj
 .group         0x0000000000000000        0x8 CMakeFiles/elka.dir/src/main.c.obj
 .group         0x0000000000000000        0x8 CMakeFiles/elka.dir/src/main.c.obj
 .group         0x0000000000000000        0x8 CMakeFiles/elka.dir/src/main.c.obj
 .group         0x0000000000000000        0x8 CMakeFiles/elka.dir/src/main.c.obj
 .group         0x0000000000000000        0x8 CMakeFiles/elka.dir/src/main.c.obj
 .group         0x0000000000000000        0x8 CMakeFiles/elka.dir/src/main.c.obj
 .group         0x0000000000000000        0x8 CMakeFiles/elka.dir/src/main.c.obj
 .group         0x0000000000000000        0x8 CMakeFiles/elka.dir/src/main.c.obj
 .text          0x0000000000000000        0x0 CMakeFiles/elka.dir/src/main.c.obj
 .data          0x0000000000000000        0x0 CMakeFiles/elka.dir/src/main.c.obj
 .bss           0x0000000000000000        0x0 CMakeFiles/elka.dir/src/main.c.obj
 .text.interruptCallback
                0x0000000000000000       0x28 CMakeFiles/elka.dir/src/main.c.obj
 .text.vGetData
                0x0000000000000000      0x184 CMakeFiles/elka.dir/src/main.c.obj
 .text.vElkaRXAck
                0x0000000000000000       0xd0 CMakeFiles/elka.dir/src/main.c.obj
 .text.vApplicationMallocFailedHook
                0x0000000000000000        0x4 CMakeFiles/elka.dir/src/main.c.obj
 .text.vApplicationStackOverflowHook
                0x0000000000000000        0x4 CMakeFiles/elka.dir/src/main.c.obj
 .text.vApplicationTickHook
                0x0000000000000000       0x18 CMakeFiles/elka.dir/src/main.c.obj
 .text.vApplicationIdleHook
                0x0000000000000000       0x18 CMakeFiles/elka.dir/src/main.c.obj
 .text.nrfInitRxAck
                0x0000000000000000       0x84 CMakeFiles/elka.dir/src/main.c.obj
 .text.USART3_IRQHandler
                0x0000000000000000       0x48 CMakeFiles/elka.dir/src/main.c.obj
 .text.USART1_IRQHandler
                0x0000000000000000       0x48 CMakeFiles/elka.dir/src/main.c.obj
 .text.SpektrumParser_DSMX
                0x0000000000000000       0x34 CMakeFiles/elka.dir/src/main.c.obj
 .text.vSpektrumchannel_DSMX
                0x0000000000000000       0xc4 CMakeFiles/elka.dir/src/main.c.obj
 .text.NVIC_Configuration
                0x0000000000000000       0x28 CMakeFiles/elka.dir/src/main.c.obj
 .text.main     0x0000000000000000       0xf8 CMakeFiles/elka.dir/src/main.c.obj
 .rodata        0x0000000000000000        0x5 CMakeFiles/elka.dir/src/main.c.obj
 .bss.pknoreceive.7954
                0x0000000000000000       0x18 CMakeFiles/elka.dir/src/main.c.obj
 .bss.PrimarySpektrumState
                0x0000000000000000       0x11 CMakeFiles/elka.dir/src/main.c.obj
 .bss.u64Ticks  0x0000000000000000        0x8 CMakeFiles/elka.dir/src/main.c.obj
 .bss.pk.7953   0x0000000000000000       0x18 CMakeFiles/elka.dir/src/main.c.obj
 .bss.xSemaphoreSW
                0x0000000000000000        0x4 CMakeFiles/elka.dir/src/main.c.obj
 .bss.xHigherPriorityTaskWoken
                0x0000000000000000        0x4 CMakeFiles/elka.dir/src/main.c.obj
 .bss.u64IdleTicksCnt
                0x0000000000000000        0x8 CMakeFiles/elka.dir/src/main.c.obj
 .bss.u64IdleTicks
                0x0000000000000000        0x8 CMakeFiles/elka.dir/src/main.c.obj
 .debug_info    0x0000000000000000     0x16df CMakeFiles/elka.dir/src/main.c.obj
 .debug_abbrev  0x0000000000000000      0x3d9 CMakeFiles/elka.dir/src/main.c.obj
 .debug_loc     0x0000000000000000      0x151 CMakeFiles/elka.dir/src/main.c.obj
 .debug_aranges
                0x0000000000000000       0x88 CMakeFiles/elka.dir/src/main.c.obj
 .debug_ranges  0x0000000000000000       0x78 CMakeFiles/elka.dir/src/main.c.obj
 .debug_macro   0x0000000000000000      0x2a9 CMakeFiles/elka.dir/src/main.c.obj
 .debug_macro   0x0000000000000000      0x868 CMakeFiles/elka.dir/src/main.c.obj
 .debug_macro   0x0000000000000000       0x5c CMakeFiles/elka.dir/src/main.c.obj
 .debug_macro   0x0000000000000000       0x35 CMakeFiles/elka.dir/src/main.c.obj
 .debug_macro   0x0000000000000000      0x34e CMakeFiles/elka.dir/src/main.c.obj
 .debug_macro   0x0000000000000000       0x18 CMakeFiles/elka.dir/src/main.c.obj
 .debug_macro   0x0000000000000000       0x42 CMakeFiles/elka.dir/src/main.c.obj
 .debug_macro   0x0000000000000000      0x8cb CMakeFiles/elka.dir/src/main.c.obj
 .debug_macro   0x0000000000000000     0x7f1c CMakeFiles/elka.dir/src/main.c.obj
 .debug_macro   0x0000000000000000       0x16 CMakeFiles/elka.dir/src/main.c.obj
 .debug_macro   0x0000000000000000      0x44e CMakeFiles/elka.dir/src/main.c.obj
 .debug_macro   0x0000000000000000      0x3cf CMakeFiles/elka.dir/src/main.c.obj
 .debug_macro   0x0000000000000000      0x111 CMakeFiles/elka.dir/src/main.c.obj
 .debug_macro   0x0000000000000000      0x182 CMakeFiles/elka.dir/src/main.c.obj
 .debug_macro   0x0000000000000000       0xb2 CMakeFiles/elka.dir/src/main.c.obj
 .debug_macro   0x0000000000000000      0x146 CMakeFiles/elka.dir/src/main.c.obj
 .debug_macro   0x0000000000000000      0x477 CMakeFiles/elka.dir/src/main.c.obj
 .debug_macro   0x0000000000000000       0xac CMakeFiles/elka.dir/src/main.c.obj
 .debug_macro   0x0000000000000000      0x241 CMakeFiles/elka.dir/src/main.c.obj
 .debug_macro   0x0000000000000000      0x279 CMakeFiles/elka.dir/src/main.c.obj
 .debug_macro   0x0000000000000000       0xb5 CMakeFiles/elka.dir/src/main.c.obj
 .debug_macro   0x0000000000000000      0x265 CMakeFiles/elka.dir/src/main.c.obj
 .debug_macro   0x0000000000000000      0x2b1 CMakeFiles/elka.dir/src/main.c.obj
 .debug_macro   0x0000000000000000       0x64 CMakeFiles/elka.dir/src/main.c.obj
 .debug_macro   0x0000000000000000       0x8e CMakeFiles/elka.dir/src/main.c.obj
 .debug_macro   0x0000000000000000      0x531 CMakeFiles/elka.dir/src/main.c.obj
 .debug_macro   0x0000000000000000       0x40 CMakeFiles/elka.dir/src/main.c.obj
 .debug_macro   0x0000000000000000      0x57a CMakeFiles/elka.dir/src/main.c.obj
 .debug_macro   0x0000000000000000      0x341 CMakeFiles/elka.dir/src/main.c.obj
 .debug_macro   0x0000000000000000      0x36a CMakeFiles/elka.dir/src/main.c.obj
 .debug_macro   0x0000000000000000       0xdf CMakeFiles/elka.dir/src/main.c.obj
 .debug_macro   0x0000000000000000      0x73b CMakeFiles/elka.dir/src/main.c.obj
 .debug_macro   0x0000000000000000      0x212 CMakeFiles/elka.dir/src/main.c.obj
 .debug_macro   0x0000000000000000       0x34 CMakeFiles/elka.dir/src/main.c.obj
 .debug_macro   0x0000000000000000       0x7f CMakeFiles/elka.dir/src/main.c.obj
 .debug_macro   0x0000000000000000       0x35 CMakeFiles/elka.dir/src/main.c.obj
 .debug_macro   0x0000000000000000       0x2e CMakeFiles/elka.dir/src/main.c.obj
 .debug_macro   0x0000000000000000       0x22 CMakeFiles/elka.dir/src/main.c.obj
 .debug_macro   0x0000000000000000      0x906 CMakeFiles/elka.dir/src/main.c.obj
 .debug_macro   0x0000000000000000      0x10c CMakeFiles/elka.dir/src/main.c.obj
 .debug_macro   0x0000000000000000       0x10 CMakeFiles/elka.dir/src/main.c.obj
 .debug_macro   0x0000000000000000       0x22 CMakeFiles/elka.dir/src/main.c.obj
 .debug_macro   0x0000000000000000      0x166 CMakeFiles/elka.dir/src/main.c.obj
 .debug_macro   0x0000000000000000       0x46 CMakeFiles/elka.dir/src/main.c.obj
 .debug_macro   0x0000000000000000      0x127 CMakeFiles/elka.dir/src/main.c.obj
 .debug_macro   0x0000000000000000       0x9d CMakeFiles/elka.dir/src/main.c.obj
 .debug_macro   0x0000000000000000       0x12 CMakeFiles/elka.dir/src/main.c.obj
 .debug_macro   0x0000000000000000       0x1e CMakeFiles/elka.dir/src/main.c.obj
 .debug_macro   0x0000000000000000      0x1a1 CMakeFiles/elka.dir/src/main.c.obj
 .debug_macro   0x0000000000000000       0x8f CMakeFiles/elka.dir/src/main.c.obj
 .debug_macro   0x0000000000000000       0x69 CMakeFiles/elka.dir/src/main.c.obj
 .debug_macro   0x0000000000000000       0x88 CMakeFiles/elka.dir/src/main.c.obj
 .debug_macro   0x0000000000000000       0x48 CMakeFiles/elka.dir/src/main.c.obj
 .debug_macro   0x0000000000000000       0x56 CMakeFiles/elka.dir/src/main.c.obj
 .debug_macro   0x0000000000000000      0x2be CMakeFiles/elka.dir/src/main.c.obj
 .debug_macro   0x0000000000000000       0x22 CMakeFiles/elka.dir/src/main.c.obj
 .debug_macro   0x0000000000000000       0x7c CMakeFiles/elka.dir/src/main.c.obj
 .debug_macro   0x0000000000000000       0xca CMakeFiles/elka.dir/src/main.c.obj
 .debug_macro   0x0000000000000000       0x1c CMakeFiles/elka.dir/src/main.c.obj
 .debug_line    0x0000000000000000      0x9c8 CMakeFiles/elka.dir/src/main.c.obj
 .debug_str     0x0000000000000000    0x5d1c2 CMakeFiles/elka.dir/src/main.c.obj
 .comment       0x0000000000000000       0x71 CMakeFiles/elka.dir/src/main.c.obj
 .debug_frame   0x0000000000000000      0x164 CMakeFiles/elka.dir/src/main.c.obj
 .ARM.attributes
                0x0000000000000000       0x32 CMakeFiles/elka.dir/src/main.c.obj
 COMMON         0x0000000000000000       0xae CMakeFiles/elka.dir/src/main.c.obj
 .group         0x0000000000000000        0x8 CMakeFiles/elka.dir/src/_write.c.obj
 .text          0x0000000000000000        0x0 CMakeFiles/elka.dir/src/_write.c.obj
 .data          0x0000000000000000        0x0 CMakeFiles/elka.dir/src/_write.c.obj
 .bss           0x0000000000000000        0x0 CMakeFiles/elka.dir/src/_write.c.obj
 .debug_info    0x0000000000000000       0x1d CMakeFiles/elka.dir/src/_write.c.obj
 .debug_abbrev  0x0000000000000000       0x11 CMakeFiles/elka.dir/src/_write.c.obj
 .debug_aranges
                0x0000000000000000       0x18 CMakeFiles/elka.dir/src/_write.c.obj
 .debug_macro   0x0000000000000000       0x11 CMakeFiles/elka.dir/src/_write.c.obj
 .debug_macro   0x0000000000000000      0x868 CMakeFiles/elka.dir/src/_write.c.obj
 .debug_line    0x0000000000000000       0x67 CMakeFiles/elka.dir/src/_write.c.obj
 .debug_str     0x0000000000000000     0x24c1 CMakeFiles/elka.dir/src/_write.c.obj
 .comment       0x0000000000000000       0x71 CMakeFiles/elka.dir/src/_write.c.obj
 .ARM.attributes
                0x0000000000000000       0x32 CMakeFiles/elka.dir/src/_write.c.obj

Memory Configuration

Name             Origin             Length             Attributes
RAM              0x0000000020000000 0x0000000000020000 xrw
CCMRAM           0x0000000010000000 0x0000000000010000 xrw
FLASH            0x0000000008000000 0x0000000000100000 xr
FLASHB1          0x0000000000000000 0x0000000000000000 xr
EXTMEMB0         0x0000000000000000 0x0000000000000000 xr
EXTMEMB1         0x0000000000000000 0x0000000000000000 xr
EXTMEMB2         0x0000000000000000 0x0000000000000000 xr
EXTMEMB3         0x0000000000000000 0x0000000000000000 xr
MEMORY_ARRAY     0x0000000020002000 0x0000000000000020 xrw
*default*        0x0000000000000000 0xffffffffffffffff

Linker script and memory map

LOAD CMakeFiles/elka.dir/src/main.c.obj
LOAD CMakeFiles/elka.dir/src/_write.c.obj
START GROUP
LOAD /usr/bin/../lib/gcc/arm-none-eabi/4.9.3/armv7e-m/softfp/libgcc.a
LOAD /usr/bin/../lib/gcc/arm-none-eabi/4.9.3/../../../../arm-none-eabi/lib/armv7e-m/softfp/libg_nano.a
LOAD /usr/bin/../lib/gcc/arm-none-eabi/4.9.3/../../../../arm-none-eabi/lib/armv7e-m/softfp/libc_nano.a
END GROUP
START GROUP
LOAD /usr/bin/../lib/gcc/arm-none-eabi/4.9.3/armv7e-m/softfp/libgcc.a
LOAD /usr/bin/../lib/gcc/arm-none-eabi/4.9.3/../../../../arm-none-eabi/lib/armv7e-m/softfp/libc_nano.a
END GROUP
                0x0000000020020000                __stack = (ORIGIN (RAM) + 0x20000)
                0x0000000020020000                _estack = __stack
                0x0000000000000400                __Main_Stack_Size = 0x400
                0x0000000000000400                PROVIDE (_Main_Stack_Size, __Main_Stack_Size)
                0x000000002001fc00                __Main_Stack_Limit = (__stack - __Main_Stack_Size)
                0x000000002001fc00                PROVIDE (_Main_Stack_Limit, __Main_Stack_Limit)
                0x0000000000000100                _Minimum_Stack_Size = 0x100
                0x0000000020000000                PROVIDE (_Heap_Begin, _end_noinit)
                0x000000002001fc00                PROVIDE (_Heap_Limit, (__stack - __Main_Stack_Size))

.isr_vector     0x0000000008000000        0x0
 FILL mask 0xff
                0x0000000008000000                __vectors_start = ABSOLUTE (.)
                0x0000000008000000                __vectors_start__ = ABSOLUTE (.)
 *(.isr_vector)
 *(.cfmconfig)
 *(.after_vectors .after_vectors.*)

.inits          0x0000000008000000       0x28
                0x0000000008000000                __data_regions_array_start = .
                0x0000000008000000        0x4 LONG 0x8000028 LOADADDR (.data)
                0x0000000008000004        0x4 LONG 0x20000000 ADDR (.data)
                0x0000000008000008        0x4 LONG 0x20000000 (ADDR (.data) + SIZEOF (.data))
                0x000000000800000c        0x4 LONG 0x8000028 LOADADDR (.data_CCMRAM)
                0x0000000008000010        0x4 LONG 0x10000000 ADDR (.data_CCMRAM)
                0x0000000008000014        0x4 LONG 0x10000000 (ADDR (.data_CCMRAM) + SIZEOF (.data_CCMRAM))
                0x0000000008000018                __data_regions_array_end = .
                0x0000000008000018                __bss_regions_array_start = .
                0x0000000008000018        0x4 LONG 0x20000000 ADDR (.bss)
                0x000000000800001c        0x4 LONG 0x20000000 (ADDR (.bss) + SIZEOF (.bss))
                0x0000000008000020        0x4 LONG 0x10000000 ADDR (.bss_CCMRAM)
                0x0000000008000024        0x4 LONG 0x10000000 (ADDR (.bss_CCMRAM) + SIZEOF (.bss_CCMRAM))
                0x0000000008000028                __bss_regions_array_end = .
 *(.init)
 *(.fini)
                0x0000000008000028                . = ALIGN (0x4)
                0x0000000008000028                PROVIDE (__preinit_array_start, .)
 *(.preinit_array_sysinit .preinit_array_sysinit.*)
 *(.preinit_array_platform .preinit_array_platform.*)
 *(.preinit_array .preinit_array.*)
                0x0000000008000028                PROVIDE (__preinit_array_end, .)
                0x0000000008000028                . = ALIGN (0x4)
                0x0000000008000028                PROVIDE (__init_array_start, .)
 *(SORT(.init_array.*))
 *(.init_array)
                0x0000000008000028                PROVIDE (__init_array_end, .)
                0x0000000008000028                . = ALIGN (0x4)
                0x0000000008000028                PROVIDE (__fini_array_start, .)
 *(SORT(.fini_array.*))
 *(.fini_array)
                0x0000000008000028                PROVIDE (__fini_array_end, .)

.flashtext
 *(.flashtext .flashtext.*)

.text           0x0000000008000028        0x0
 *(.text .text.*)
 *(.rodata .rodata.* .constdata .constdata.*)
 *(vtable)
 *(.eh_frame*)
 *(.glue_7)
 .glue_7        0x0000000000000000        0x0 linker stubs
 *(.glue_7t)
 .glue_7t       0x0000000000000000        0x0 linker stubs

.vfp11_veneer   0x0000000008000028        0x0
 .vfp11_veneer  0x0000000000000000        0x0 linker stubs

.v4_bx          0x0000000008000028        0x0
 .v4_bx         0x0000000000000000        0x0 linker stubs

.iplt           0x0000000008000028        0x0
 .iplt          0x0000000000000000        0x0 CMakeFiles/elka.dir/src/main.c.obj

.rel.dyn        0x0000000008000028        0x0
 .rel.iplt      0x0000000000000000        0x0 CMakeFiles/elka.dir/src/main.c.obj

.ARM.extab
 *(.ARM.extab* .gnu.linkonce.armextab.*)
                0x0000000008000028                . = ALIGN (0x4)
                0x0000000008000028                __exidx_start = .

.ARM.exidx
 *(.ARM.exidx* .gnu.linkonce.armexidx.*)
                0x0000000008000028                __exidx_end = .
                0x0000000008000028                . = ALIGN (0x4)
                0x0000000008000028                _etext = .
                0x0000000008000028                __etext = .

.data_CCMRAM    0x0000000010000000        0x0 load address 0x0000000008000028
 FILL mask 0xff
 *(.data.CCMRAM .data.CCMRAM.*)
                0x0000000010000000                . = ALIGN (0x4)
                0x0000000008000028                _sidata = LOADADDR (.data)

.data           0x0000000020000000        0x0 load address 0x0000000008000028
 FILL mask 0xff
                0x0000000020000000                _sdata = .
                0x0000000020000000                __data_start__ = .
 *(.data_begin .data_begin.*)
 *(.data .data.*)
 *(.data_end .data_end.*)
                0x0000000020000000                . = ALIGN (0x4)
                0x0000000020000000                _edata = .
                0x0000000020000000                __data_end__ = .

.igot.plt       0x0000000020000000        0x0 load address 0x0000000008000028
 .igot.plt      0x0000000000000000        0x0 CMakeFiles/elka.dir/src/main.c.obj

.bss_CCMRAM     0x0000000010000000        0x0
 *(.bss.CCMRAM .bss.CCMRAM.*)

.bss            0x0000000020000000        0x0
                0x0000000020000000                __bss_start__ = .
                0x0000000020000000                _sbss = .
 *(.bss_begin .bss_begin.*)
 *(.bss .bss.*)
 *(COMMON)
 *(.bss_end .bss_end.*)
                0x0000000020000000                . = ALIGN (0x4)
                0x0000000020000000                __bss_end__ = .
                0x0000000020000000                _ebss = .

.noinit_CCMRAM
 *(.noinit.CCMRAM .noinit.CCMRAM.*)

.noinit         0x0000000020000000        0x0
                0x0000000020000000                _noinit = .
 *(.noinit .noinit.*)
                0x0000000020000000                . = ALIGN (0x4)
                0x0000000020000000                _end_noinit = .
                0x0000000020000000                PROVIDE (end, _end_noinit)
                0x0000000020000000                PROVIDE (_end, _end_noinit)
                0x0000000020000000                PROVIDE (__end, _end_noinit)
                0x0000000020000000                PROVIDE (__end__, _end_noinit)

._check_stack   0x0000000020000000      0x100
                0x0000000020000100                . = (. + _Minimum_Stack_Size)
 *fill*         0x0000000020000000      0x100 

.b1text
 *(.b1text)
 *(.b1rodata)
 *(.b1rodata.*)

.eb0text
 *(.eb0text)
 *(.eb0rodata)
 *(.eb0rodata.*)

.eb1text
 *(.eb1text)
 *(.eb1rodata)
 *(.eb1rodata.*)

.eb2text
 *(.eb2text)
 *(.eb2rodata)
 *(.eb2rodata.*)

.eb3text
 *(.eb3text)
 *(.eb3rodata)
 *(.eb3rodata.*)

.stab
 *(.stab)

.stabstr
 *(.stabstr)

.stab.excl
 *(.stab.excl)

.stab.exclstr
 *(.stab.exclstr)

.stab.index
 *(.stab.index)

.stab.indexstr
 *(.stab.indexstr)

.comment
 *(.comment)

.debug
 *(.debug)

.line
 *(.line)

.debug_srcinfo
 *(.debug_srcinfo)

.debug_sfnames
 *(.debug_sfnames)

.debug_aranges
 *(.debug_aranges)

.debug_pubnames
 *(.debug_pubnames)

.debug_info
 *(.debug_info .gnu.linkonce.wi.*)

.debug_abbrev
 *(.debug_abbrev)

.debug_line
 *(.debug_line)

.debug_frame
 *(.debug_frame)

.debug_str
 *(.debug_str)

.debug_loc
 *(.debug_loc)

.debug_macinfo
 *(.debug_macinfo)

.debug_weaknames
 *(.debug_weaknames)

.debug_funcnames
 *(.debug_funcnames)

.debug_typenames
 *(.debug_typenames)

.debug_varnames
 *(.debug_varnames)
OUTPUT(elka elf32-littlearm)
